// Jest Snapshot v1, https://goo.gl/fbAQLP

exports[`<ModalSwitch/> component renders as expected 1`] = `
<Fragment>
  <Switch
    location={
      Object {
        "pathname": "/2",
        "state": Object {
          "modal": true,
        },
      }
    }
  >
    <Route
      component={[Function]}
      exact={true}
      path="/"
    />
    <Route
      component={[Function]}
      exact={true}
      path="/:id"
    />
    <Route
      component={[Function]}
      path="*"
    />
  </Switch>
  <Route
    component={[Function]}
    path="/:id"
  />
</Fragment>
`;
