// Jest Snapshot v1, https://goo.gl/fbAQLP

exports[`<Modal /> component matching snapshot 1`] = `
<div
  style={
    Object {
      "height": "auto",
      "position": "absolute",
      "transform": "scale3d(1, 1, 1)",
      "visibility": "hidden",
    }
  }
>
  <inject-BeerDetails-with-ModalStore />
  <inject-FoodPairList-with-ModalStore />
  <inject-SimilarBeerList-with-ModalStore />
</div>
`;
